// Jest Snapshot v1, https://goo.gl/fbAQLP

exports[`should correctly render EditPostPage component 1`] = `
<div>
  <NavLink
    to="/dashboard"
  >
    Go back
  </NavLink>
  <h1>
    Edit Blog Post
  </h1>
  <PostForm
    onSubmit={[Function]}
    post={
      Object {
        "content": "about vue",
        "createdAt": 259200000,
        "id": "3",
        "title": "vue",
      }
    }
  />
  <button
    onClick={[Function]}
  >
    Delete
  </button>
</div>
`;
